// Jest Snapshot v1, https://goo.gl/fbAQLP

exports[`location 1`] = `
<NoEvents
  className=""
  location="belfast"
/>
`;
